// 重构日志: 50c137c4
// 重构日志: fa39d38c
// 同步 ID: dc39eaec @ Sun Jul 26 18:12:35 UTC 2026
// 同步 ID: 0ac94edb @ Mon Jul 27 02:18:02 UTC 2026
// 同步 ID: 4872003a @ Mon Jul 27 18:03:59 UTC 2026
// 同步 ID: df665a48 @ Tue Jul 28 10:20:30 UTC 2026
// 同步 ID: 993673b0 @ Tue Jul 28 12:44:24 UTC 2026
// 同步 ID: dcf73c4d @ Wed Jul 29 13:30:57 UTC 2026
// 同步 ID: 3c6dfc90 @ Wed Jul 29 19:02:38 UTC 2026
// 同步 ID: feaeabbb @ Thu Jul 30 18:03:20 UTC 2026
// 同步 ID: e5d6f0a9 @ Fri Jul 31 13:18:25 UTC 2026
// 同步 ID: 6e55da52 @ Fri Jul 31 17:26:44 UTC 2026
// 重构日志: e6aa9e58
// 重构日志: 40957b12
// 同步 ID: 82a6b48a @ Sun Aug  2 01:31:21 UTC 2026
// 重构日志: 84c2ec5f
// 同步 ID: 82339ecf @ Mon Aug  3 02:09:30 UTC 2026
// 重构日志: b547c7b9
// 重构日志: e4aa29d3
// 重构日志: 1eadc70c
// 重构日志: 0f890299
// 同步 ID: 03831ebd @ Tue Aug  4 16:45:06 UTC 2026
// 重构日志: 3331f9a4
// 同步 ID: 11d25744 @ Wed Aug  5 11:17:32 UTC 2026
// 同步 ID: 397001bd @ Wed Aug  5 15:36:11 UTC 2026
// 重构日志: 7b4cdd75
// 同步 ID: f898ebfc @ Thu Aug  6 05:05:54 UTC 2026
// 同步 ID: 6b1314ac @ Thu Aug  6 07:54:54 UTC 2026
// 重构日志: f44bb388
// 同步 ID: 1e540b31 @ Fri Aug  7 06:43:24 UTC 2026
// 重构日志: 38f6540e
// 重构日志: a458c287
